// Vitest Snapshot v1, https://vitest.dev/guide/snapshot.html

exports[`recorded stage prompts > records the effective order and skips in the model-visible invocation 1`] = `"/review-codigo-subagents Execute somente a etapa 25 da Esteira OpenNjord para o cursor .spec/esteira-state.yaml. As etapas 40-redteam, 40-seguranca, deploy estão DESLIGADAS na tabela efetiva: nunca as execute e, ao avançar o cursor, pule diretamente para a próxima etapa ligada na ordem da tabela.  Ordem efetiva: 00-discovery → plano → 00s → 10a → 20 → 25 → 10b → 30-qa-rpa → 30-qa → 40-redteam → 40-seguranca → deploy. Depois da última etapa ligada, valide o fechamento da sprint e atualize o cursor; não execute etapas desligadas. Use as Skills instaladas e preserve todos os gates, artefatos, receipts e paradas humanas do método. Não execute outra etapa e não declare conclusão sem validar os artefatos canônicos."`;

exports[`recorded stage prompts > records the effective order and skips in the model-visible invocation 2`] = `"/tick-esteira Feche somente as etapas finais desligadas na tabela efetiva. Respeite awaiting e FAIL; não execute deploy nem outra etapa desligada. Valide as evidências das etapas obrigatórias já executadas, registre as etapas puladas sem atribuir PASS a trabalho não executado e atualize o cursor para a próxima sprint pendente ou done se o backlog terminou."`;
